2026-09-19 06:35  broker_top BBCA 2025-02  -2
2026-09-19 06:35  broker_top BBCA 2025-03  -2
2026-09-19 06:35  broker_top BBCA 2025-04  -2
2026-09-19 06:35  broker_top BBCA 2025-05  -2
2026-09-19 06:35  broker_top BBCA 2025-06  -2
2026-09-19 06:35  broker_top BBCA 2025-07  -2
2026-09-19 06:35  broker_top BBCA 2025-08  -2
2026-09-19 06:35  broker_top BBCA 2025-09  -2
2026-09-19 06:35  broker_top BBCA 2025-10  -2
2026-09-19 06:35  broker_top BBCA 2025-11  -2
2026-09-19 06:35  broker_top BBCA 2025-12  -2
2026-09-19 06:35  broker_top BBCA 2026-01  -2
2026-09-19 06:35  broker_top BBCA 2026-02  -2
2026-09-19 06:35  broker_top BBCA 2026-03  -2
2026-09-19 06:35  broker_top BBCA 2026-04  -2
2026-09-19 06:35  broker_top BBCA 2026-05  -2
2026-09-19 06:35  broker_top BBCA 2026-06  -2
2026-09-19 06:35  broker_top BBCA 2026-07  -2
2026-09-19 06:35  broker_top BBCA 2026-08  -2
2026-09-19 06:35  foreign BBCA  -2
2026-09-19 06:35  foreign BBCA  -6
2026-09-19 06:35  broker_top BBRI 2025-02  -2
2026-09-19 06:35  broker_top BBRI 2025-03  -2
2026-09-19 06:35  broker_top BBRI 2025-04  -2
2026-09-19 06:35  broker_top BBRI 2025-05  -2
2026-09-19 06:35  broker_top BBRI 2025-06  -2
2026-09-19 06:35  broker_top BBRI 2025-07  -2
2026-09-19 06:35  broker_top BBRI 2025-08  -2
2026-09-19 06:35  broker_top BBRI 2025-09  -2
2026-09-19 06:35  broker_top BBRI 2025-10  -2
2026-09-19 06:35  broker_top BBRI 2025-11  -2
2026-09-19 06:35  broker_top BBRI 2025-12  -2
2026-09-19 06:35  broker_top BBRI 2026-01  -2
2026-09-19 06:35  broker_top BBRI 2026-02  -2
2026-09-19 06:35  broker_top BBRI 2026-03  -2
2026-09-19 06:35  broker_top BBRI 2026-04  -2
2026-09-19 06:35  broker_top BBRI 2026-05  -2
2026-09-19 06:35  broker_top BBRI 2026-06  -2
2026-09-19 06:35  broker_top BBRI 2026-07  -2
2026-09-19 06:35  broker_top BBRI 2026-08  -2
2026-09-19 06:36  foreign BBRI  -10
2026-09-19 06:36  broker_top BMRI 2025-02  -2
2026-09-19 06:36  broker_top BMRI 2025-03  -2
2026-09-19 06:36  broker_top BMRI 2025-04  -2
2026-09-19 06:36  broker_top BMRI 2025-05  -2
2026-09-19 06:37  broker_top BMRI 2025-06  -2
2026-09-19 06:37  broker_top BMRI 2025-07  -2
2026-09-19 06:37  broker_top BMRI 2025-08  -2
2026-09-19 06:37  broker_top BMRI 2025-09  -2
2026-09-19 06:37  broker_top BMRI 2025-10  -2
2026-09-19 06:37  broker_top BMRI 2025-11  -2
2026-09-19 06:37  broker_top BMRI 2025-12  -2
2026-09-19 06:37  broker_top BMRI 2026-01  -2
2026-09-19 06:37  broker_top BMRI 2026-02  -2
2026-09-19 06:37  broker_top BMRI 2026-03  -2
2026-09-19 06:37  broker_top BMRI 2026-04  -2
2026-09-19 06:37  broker_top BMRI 2026-05  -2
2026-09-19 06:37  broker_top BMRI 2026-06  -2
2026-09-19 06:37  broker_top BMRI 2026-07  -2
2026-09-19 06:37  broker_top BMRI 2026-08  -2
2026-09-19 06:37  foreign BMRI  -10
2026-09-19 06:37  broker_top BBNI 2025-02  -2
2026-09-19 06:37  broker_top BBNI 2025-03  -2
2026-09-19 06:37  broker_top BBNI 2025-04  -2
2026-09-19 06:37  broker_top BBNI 2025-05  -2
2026-09-19 06:37  broker_top BBNI 2025-06  -2
2026-09-19 06:37  broker_top BBNI 2025-07  -2
2026-09-19 06:37  broker_top BBNI 2025-08  -2
2026-09-19 06:37  broker_top BBNI 2025-09  -2
2026-09-19 06:37  broker_top BBNI 2025-10  -2
2026-09-19 06:37  broker_top BBNI 2025-11  -2
2026-09-19 06:37  broker_top BBNI 2025-12  -2
2026-09-19 06:37  broker_top BBNI 2026-01  -2
2026-09-19 06:37  broker_top BBNI 2026-02  -2
2026-09-19 06:37  broker_top BBNI 2026-03  -2
2026-09-19 06:37  broker_top BBNI 2026-04  -2
2026-09-19 06:37  broker_top BBNI 2026-05  -2
2026-09-19 06:37  broker_top BBNI 2026-06  -2
2026-09-19 06:37  broker_top BBNI 2026-07  -2
2026-09-19 06:37  broker_top BBNI 2026-08  -2
2026-09-19 06:37  foreign BBNI  -10
2026-09-19 06:37  broker_top TLKM 2025-02  -2
2026-09-19 06:37  broker_top TLKM 2025-03  -2
2026-09-19 06:37  broker_top TLKM 2025-04  -2
2026-09-19 06:37  broker_top TLKM 2025-05  -2
2026-09-19 06:37  broker_top TLKM 2025-06  -2
2026-09-19 06:37  broker_top TLKM 2025-07  -2
2026-09-19 06:37  broker_top TLKM 2025-08  -2
2026-09-19 06:37  broker_top TLKM 2025-09  -2
2026-09-19 06:37  broker_top TLKM 2025-10  -2
2026-09-19 06:37  broker_top TLKM 2025-11  -2
2026-09-19 06:37  broker_top TLKM 2025-12  -2
2026-09-19 06:37  broker_top TLKM 2026-01  -2
2026-09-19 06:37  broker_top TLKM 2026-02  -2
2026-09-19 06:37  broker_top TLKM 2026-03  -2
2026-09-19 06:38  broker_top TLKM 2026-04  -2
2026-09-19 06:38  broker_top TLKM 2026-05  -2
2026-09-19 06:39  broker_top TLKM 2026-06  -2
2026-09-19 06:39  broker_top TLKM 2026-07  -2
2026-09-19 06:39  broker_top TLKM 2026-08  -2
2026-09-19 06:39  foreign TLKM  -10
2026-09-19 06:39  broker_top ASII 2025-02  -2
2026-09-19 06:39  broker_top ASII 2025-03  -2
2026-09-19 06:39  broker_top ASII 2025-04  -2
2026-09-19 06:39  broker_top ASII 2025-05  -2
2026-09-19 06:39  broker_top ASII 2025-06  -2
2026-09-19 06:39  broker_top ASII 2025-07  -2
2026-09-19 06:39  broker_top ASII 2025-08  -2
2026-09-19 06:39  broker_top ASII 2025-09  -2
2026-09-19 06:39  broker_top ASII 2025-10  -2
2026-09-19 06:39  broker_top ASII 2025-11  -2
2026-09-19 06:39  broker_top ASII 2025-12  -2
2026-09-19 06:39  broker_top ASII 2026-01  -2
2026-09-19 06:39  broker_top ASII 2026-02  -2
2026-09-19 06:39  broker_top ASII 2026-03  -2
2026-09-19 06:39  broker_top ASII 2026-04  -2
2026-09-19 06:39  broker_top ASII 2026-05  -2
2026-09-19 06:39  broker_top ASII 2026-06  -2
2026-09-19 06:39  broker_top ASII 2026-07  -2
2026-09-19 06:39  broker_top ASII 2026-08  -2
2026-09-19 06:39  foreign ASII  -10
2026-09-19 06:39  broker_top UNVR 2025-02  -2
2026-09-19 06:39  broker_top UNVR 2025-03  -2
2026-09-19 06:39  broker_top UNVR 2025-04  -2
2026-09-19 06:39  broker_top UNVR 2025-05  -2
2026-09-19 06:39  broker_top UNVR 2025-06  -2
2026-09-19 06:39  broker_top UNVR 2025-07  -2
2026-09-19 06:39  broker_top UNVR 2025-08  -2
2026-09-19 06:39  broker_top UNVR 2025-09  -2
2026-09-19 06:39  broker_top UNVR 2025-10  -2
2026-09-19 06:39  broker_top UNVR 2025-11  -2
2026-09-19 06:39  broker_top UNVR 2025-12  -2
2026-09-19 06:39  broker_top UNVR 2026-01  -2
2026-09-19 06:39  broker_top UNVR 2026-02  -2
2026-09-19 06:39  broker_top UNVR 2026-03  -2
2026-09-19 06:39  broker_top UNVR 2026-04  -2
2026-09-19 06:39  broker_top UNVR 2026-05  -2
2026-09-19 06:40  broker_top UNVR 2026-06  -2
2026-09-19 06:40  broker_top UNVR 2026-07  -2
2026-09-19 06:40  broker_top UNVR 2026-08  -2
2026-09-19 06:40  foreign UNVR  -10
2026-09-19 06:40  broker_top ICBP 2025-02  -2
2026-09-19 06:40  broker_top ICBP 2025-03  -2
2026-09-19 06:40  broker_top ICBP 2025-04  -2
2026-09-19 06:40  broker_top ICBP 2025-05  -2
2026-09-19 06:40  broker_top ICBP 2025-06  -2
2026-09-19 06:40  broker_top ICBP 2025-07  -2
2026-09-19 06:40  broker_top ICBP 2025-08  -2
2026-09-19 06:40  broker_top ICBP 2025-09  -2
2026-09-19 06:40  broker_top ICBP 2025-10  -2
2026-09-19 06:40  broker_top ICBP 2025-11  -2
2026-09-19 06:40  broker_top ICBP 2025-12  -2
2026-09-19 06:40  broker_top ICBP 2026-01  -2
2026-09-19 06:40  broker_top ICBP 2026-02  -2
2026-09-19 06:40  broker_top ICBP 2026-03  -2
2026-09-19 06:40  broker_top ICBP 2026-04  -2
2026-09-19 06:40  broker_top ICBP 2026-05  -2
2026-09-19 06:40  broker_top ICBP 2026-06  -2
2026-09-19 06:40  broker_top ICBP 2026-07  -2
2026-09-19 06:40  broker_top ICBP 2026-08  -2
2026-09-19 06:40  foreign ICBP  -10
2026-09-19 06:40  broker_top ADRO 2025-02  -2
2026-09-19 06:40  broker_top ADRO 2025-03  -2
2026-09-19 06:40  broker_top ADRO 2025-04  -2
2026-09-19 06:40  broker_top ADRO 2025-05  -2
2026-09-19 06:40  broker_top ADRO 2025-06  -2
2026-09-19 06:40  broker_top ADRO 2025-07  -2
2026-09-19 06:40  broker_top ADRO 2025-08  -2
2026-09-19 06:40  broker_top ADRO 2025-09  -2
2026-09-19 06:40  broker_top ADRO 2025-10  -2
2026-09-19 06:41  broker_top ADRO 2025-11  -2
2026-09-19 06:41  broker_top ADRO 2025-12  -2
2026-09-19 06:41  broker_top ADRO 2026-01  -2
2026-09-19 06:41  broker_top ADRO 2026-02  -2
2026-09-19 06:41  broker_top ADRO 2026-03  -2
2026-09-19 06:42  broker_top ADRO 2026-04  -2
2026-09-19 06:42  broker_top ADRO 2026-05  -2
2026-09-19 06:42  broker_top ADRO 2026-06  -2
2026-09-19 06:42  broker_top ADRO 2026-07  -2
2026-09-19 06:42  broker_top ADRO 2026-08  -2
2026-09-19 06:42  foreign ADRO  -10
2026-09-19 06:42  broker_top ANTM 2025-02  -2
2026-09-19 06:42  broker_top ANTM 2025-03  -2
2026-09-19 06:42  broker_top ANTM 2025-04  -2
2026-09-19 06:42  broker_top ANTM 2025-05  -2
2026-09-19 06:42  broker_top ANTM 2025-06  -2
2026-09-19 06:42  broker_top ANTM 2025-07  -2
2026-09-19 06:42  broker_top ANTM 2025-08  -2
2026-09-19 06:42  broker_top ANTM 2025-09  -2
2026-09-19 06:42  broker_top ANTM 2025-10  -2
2026-09-19 06:42  broker_top ANTM 2025-11  -2
2026-09-19 06:42  broker_top ANTM 2025-12  -2
2026-09-19 06:42  broker_top ANTM 2026-01  -2
2026-09-19 06:42  broker_top ANTM 2026-02  -2
2026-09-19 06:42  broker_top ANTM 2026-03  -2
2026-09-19 06:42  broker_top ANTM 2026-04  -2
2026-09-19 06:42  broker_top ANTM 2026-05  -2
2026-09-19 06:42  broker_top ANTM 2026-06  -2
2026-09-19 06:42  broker_top ANTM 2026-07  -2
2026-09-19 06:42  broker_top ANTM 2026-08  -2
2026-09-19 06:42  foreign ANTM  -10
2026-09-19 06:42  broker_top PTBA 2025-02  -2
2026-09-19 06:42  broker_top PTBA 2025-03  -2
2026-09-19 06:42  broker_top PTBA 2025-04  -2
2026-09-19 06:42  broker_top PTBA 2025-05  -2
2026-09-19 06:42  broker_top PTBA 2025-06  -2
2026-09-19 06:42  broker_top PTBA 2025-07  -2
2026-09-19 06:42  broker_top PTBA 2025-08  -2
2026-09-19 06:42  broker_top PTBA 2025-09  -2
2026-09-19 06:42  broker_top PTBA 2025-10  -2
2026-09-19 06:42  broker_top PTBA 2025-11  -2
2026-09-19 06:42  broker_top PTBA 2025-12  -2
2026-09-19 06:42  broker_top PTBA 2026-01  -2
2026-09-19 06:42  broker_top PTBA 2026-02  -2
2026-09-19 06:42  broker_top PTBA 2026-03  -2
2026-09-19 06:43  broker_top PTBA 2026-04  -2
2026-09-19 06:43  broker_top PTBA 2026-05  -2
2026-09-19 06:43  broker_top PTBA 2026-06  -2
2026-09-19 06:43  broker_top PTBA 2026-07  -2
2026-09-19 06:43  broker_top PTBA 2026-08  -2
2026-09-19 06:44  foreign PTBA  -10
2026-09-19 06:44  broker_top ITMG 2025-02  -2
2026-09-19 06:44  broker_top ITMG 2025-03  -2
2026-09-19 06:44  broker_top ITMG 2025-04  -2
2026-09-19 06:44  broker_top ITMG 2025-05  -2
2026-09-19 06:44  broker_top ITMG 2025-06  -2
2026-09-19 06:44  broker_top ITMG 2025-07  -2
2026-09-19 06:44  broker_top ITMG 2025-08  -2
2026-09-19 06:44  broker_top ITMG 2025-09  -2
2026-09-19 06:44  broker_top ITMG 2025-10  -2
2026-09-19 06:44  broker_top ITMG 2025-11  -2
2026-09-19 06:44  broker_top ITMG 2025-12  -2
2026-09-19 06:44  broker_top ITMG 2026-01  -2
2026-09-19 06:44  broker_top ITMG 2026-02  -2
2026-09-19 06:44  broker_top ITMG 2026-03  -2
2026-09-19 06:44  broker_top ITMG 2026-04  -2
2026-09-19 06:44  broker_top ITMG 2026-05  -2
2026-09-19 06:44  broker_top ITMG 2026-06  -2
2026-09-19 06:44  broker_top ITMG 2026-07  -2
2026-09-19 06:44  broker_top ITMG 2026-08  -2
2026-09-19 06:44  foreign ITMG  -10
2026-09-19 06:44  broker_top SMGR 2025-02  -2
2026-09-19 06:44  broker_top SMGR 2025-03  -2
2026-09-19 06:44  broker_top SMGR 2025-04  -2
2026-09-19 06:44  broker_top SMGR 2025-05  -2
2026-09-19 06:44  broker_top SMGR 2025-06  -2
2026-09-19 06:44  broker_top SMGR 2025-07  -2
2026-09-19 06:44  broker_top SMGR 2025-08  -2
2026-09-19 06:44  broker_top SMGR 2025-09  -2
2026-09-19 06:44  broker_top SMGR 2025-10  -2
2026-09-19 06:44  broker_top SMGR 2025-11  -2
2026-09-19 06:44  broker_top SMGR 2025-12  -2
2026-09-19 06:44  broker_top SMGR 2026-01  -2
2026-09-19 06:45  broker_top SMGR 2026-02  -2
2026-09-19 06:45  broker_top SMGR 2026-03  -2
2026-09-19 06:45  broker_top SMGR 2026-04  -2
2026-09-19 06:45  broker_top SMGR 2026-05  -2
2026-09-19 06:45  broker_top SMGR 2026-06  -2
2026-09-19 06:45  broker_top SMGR 2026-07  -2
2026-09-19 06:45  broker_top SMGR 2026-08  -2
2026-09-19 06:45  foreign SMGR  -10
2026-09-19 06:45  broker_top INTP 2025-02  -2
2026-09-19 06:45  broker_top INTP 2025-03  -2
2026-09-19 06:45  broker_top INTP 2025-04  -2
2026-09-19 06:45  broker_top INTP 2025-05  -2
2026-09-19 06:45  broker_top INTP 2025-06  -2
2026-09-19 06:45  broker_top INTP 2025-07  -2
2026-09-19 06:45  broker_top INTP 2025-08  -2
2026-09-19 06:45  broker_top INTP 2025-09  -2
2026-09-19 06:45  broker_top INTP 2025-10  -2
2026-09-19 06:45  broker_top INTP 2025-11  -2
2026-09-19 06:45  broker_top INTP 2025-12  -2
2026-09-19 06:45  broker_top INTP 2026-01  -2
2026-09-19 06:45  broker_top INTP 2026-02  -2
2026-09-19 06:45  broker_top INTP 2026-03  -2
2026-09-19 06:45  broker_top INTP 2026-04  -2
2026-09-19 06:45  broker_top INTP 2026-05  -2
2026-09-19 06:45  broker_top INTP 2026-06  -2
2026-09-19 06:45  broker_top INTP 2026-07  -2
2026-09-19 06:45  broker_top INTP 2026-08  -2
2026-09-19 06:45  foreign INTP  -10
2026-09-19 06:45  broker_top AKRA 2025-02  -2
2026-09-19 06:45  broker_top AKRA 2025-03  -2
2026-09-19 06:45  broker_top AKRA 2025-04  -2
2026-09-19 06:45  broker_top AKRA 2025-05  -2
2026-09-19 06:45  broker_top AKRA 2025-06  -2
2026-09-19 06:45  broker_top AKRA 2025-07  -2
2026-09-19 06:45  broker_top AKRA 2025-08  -2
2026-09-19 06:45  broker_top AKRA 2025-09  -2
2026-09-19 06:45  broker_top AKRA 2025-10  -2
2026-09-19 06:45  broker_top AKRA 2025-11  -2
2026-09-19 06:45  broker_top AKRA 2025-12  -2
2026-09-19 06:45  broker_top AKRA 2026-01  -2
2026-09-19 06:45  broker_top AKRA 2026-02  -2
2026-09-19 06:46  broker_top AKRA 2026-03  -2
2026-09-19 06:47  broker_top AKRA 2026-04  -2
2026-09-19 06:47  broker_top AKRA 2026-05  -2
2026-09-19 06:47  broker_top AKRA 2026-06  -2
2026-09-19 06:47  broker_top AKRA 2026-07  -2
2026-09-19 06:47  broker_top AKRA 2026-08  -2
2026-09-19 06:47  foreign AKRA  -10
2026-09-19 06:47  broker_top TPIA 2025-02  -2
2026-09-19 06:47  broker_top TPIA 2025-03  -2
2026-09-19 06:47  broker_top TPIA 2025-04  -2
2026-09-19 06:47  broker_top TPIA 2025-05  -2
2026-09-19 06:47  broker_top TPIA 2025-06  -2
2026-09-19 06:47  broker_top TPIA 2025-07  -2
2026-09-19 06:47  broker_top TPIA 2025-08  -2
2026-09-19 06:47  broker_top TPIA 2025-09  -2
2026-09-19 06:47  broker_top TPIA 2025-10  -2
2026-09-19 06:47  broker_top TPIA 2025-11  -2
2026-09-19 06:47  broker_top TPIA 2025-12  -2
2026-09-19 06:47  broker_top TPIA 2026-01  -2
2026-09-19 06:47  broker_top TPIA 2026-02  -2
2026-09-19 06:47  broker_top TPIA 2026-03  -2
2026-09-19 06:47  broker_top TPIA 2026-04  -2
2026-09-19 06:47  broker_top TPIA 2026-05  -2
2026-09-19 06:47  broker_top TPIA 2026-06  -2
2026-09-19 06:47  broker_top TPIA 2026-07  -2
2026-09-19 06:47  broker_top TPIA 2026-08  -2
2026-09-19 06:47  foreign TPIA  -10
2026-09-19 06:47  broker_top BRPT 2025-02  -2
2026-09-19 06:47  broker_top BRPT 2025-03  -2
2026-09-19 06:47  broker_top BRPT 2025-04  -2
2026-09-19 06:47  broker_top BRPT 2025-05  -2
2026-09-19 06:47  broker_top BRPT 2025-06  -2
2026-09-19 06:47  broker_top BRPT 2025-07  -2
2026-09-19 06:47  broker_top BRPT 2025-08  -2
2026-09-19 06:47  broker_top BRPT 2025-09  -2
2026-09-19 06:47  broker_top BRPT 2025-10  -2
2026-09-19 06:47  broker_top BRPT 2025-11  -2
2026-09-19 06:47  broker_top BRPT 2025-12  -2
2026-09-19 06:47  broker_top BRPT 2026-01  -2
2026-09-19 06:48  broker_top BRPT 2026-02  -2
2026-09-19 06:48  broker_top BRPT 2026-03  -2
2026-09-19 06:48  broker_top BRPT 2026-04  -2
2026-09-19 06:48  broker_top BRPT 2026-05  -2
2026-09-19 06:48  broker_top BRPT 2026-06  -2
2026-09-19 06:48  broker_top BRPT 2026-07  -2
2026-09-19 06:48  broker_top BRPT 2026-08  -2
2026-09-19 06:48  foreign BRPT  -10
2026-09-19 06:48  broker_top SILO 2025-02  -2
2026-09-19 06:48  broker_top SILO 2025-03  -2
2026-09-19 06:48  broker_top SILO 2025-04  -2
2026-09-19 06:48  broker_top SILO 2025-05  -2
2026-09-19 06:48  broker_top SILO 2025-06  -2
2026-09-19 06:48  broker_top SILO 2025-07  -2
2026-09-19 06:48  broker_top SILO 2025-08  -2
2026-09-19 06:48  broker_top SILO 2025-09  -2
2026-09-19 06:48  broker_top SILO 2025-10  -2
2026-09-19 06:48  broker_top SILO 2025-11  -2
2026-09-19 06:48  broker_top SILO 2025-12  -2
2026-09-19 06:48  broker_top SILO 2026-01  -2
2026-09-19 06:48  broker_top SILO 2026-02  -2
2026-09-19 06:48  broker_top SILO 2026-03  -2
2026-09-19 06:48  broker_top SILO 2026-04  -2
2026-09-19 06:48  broker_top SILO 2026-05  -2
2026-09-19 06:48  broker_top SILO 2026-06  -2
2026-09-19 06:48  broker_top SILO 2026-07  -2
2026-09-19 06:48  broker_top SILO 2026-08  -2
2026-09-19 06:48  foreign SILO  -10
2026-09-19 06:48  broker_top BUVA 2025-02  -2
2026-09-19 06:48  broker_top BUVA 2025-03  -2
2026-09-19 06:48  broker_top BUVA 2025-04  -2
2026-09-19 06:48  broker_top BUVA 2025-05  -2
2026-09-19 06:48  broker_top BUVA 2025-06  -2
2026-09-19 06:48  broker_top BUVA 2025-07  -2
2026-09-19 06:48  broker_top BUVA 2025-08  -2
2026-09-19 06:48  broker_top BUVA 2025-09  -2
2026-09-19 06:48  broker_top BUVA 2025-10  -2
2026-09-19 06:49  broker_top BUVA 2025-11  -2
2026-09-19 06:49  broker_top BUVA 2025-12  -2
2026-09-19 06:49  broker_top BUVA 2026-01  -2
2026-09-19 06:49  broker_top BUVA 2026-02  -2
2026-09-19 06:50  broker_top BUVA 2026-03  -2
2026-09-19 06:50  broker_top BUVA 2026-04  -2
2026-09-19 06:50  broker_top BUVA 2026-05  -2
2026-09-19 06:50  broker_top BUVA 2026-06  -2
2026-09-19 06:50  broker_top BUVA 2026-07  -2
2026-09-19 06:50  broker_top BUVA 2026-08  -2
2026-09-19 06:50  foreign BUVA  -10
2026-09-19 06:50  broker_top PGEO 2025-02  -2
2026-09-19 06:50  broker_top PGEO 2025-03  -2
2026-09-19 06:50  broker_top PGEO 2025-04  -2
2026-09-19 06:50  broker_top PGEO 2025-05  -2
2026-09-19 06:50  broker_top PGEO 2025-06  -2
2026-09-19 06:50  broker_top PGEO 2025-07  -2
2026-09-19 06:50  broker_top PGEO 2025-08  -2
2026-09-19 06:50  broker_top PGEO 2025-09  -2
2026-09-19 06:50  broker_top PGEO 2025-10  -2
2026-09-19 06:50  broker_top PGEO 2025-11  -2
2026-09-19 06:50  broker_top PGEO 2025-12  -2
2026-09-19 06:50  broker_top PGEO 2026-01  -2
2026-09-19 06:50  broker_top PGEO 2026-02  -2
2026-09-19 06:50  broker_top PGEO 2026-03  -2
2026-09-19 06:50  broker_top PGEO 2026-04  -2
2026-09-19 06:50  broker_top PGEO 2026-05  -2
2026-09-19 06:50  broker_top PGEO 2026-06  -2
2026-09-19 06:50  broker_top PGEO 2026-07  -2
2026-09-19 06:50  broker_top PGEO 2026-08  -2
2026-09-19 06:50  foreign PGEO  -10
2026-09-19 11:51  add_universe MEDC  -0
2026-09-19 11:55  add_universe MEDC  -0
2026-09-19 12:11  add_universe MEDC  -0
2026-09-19 13:38  sectors_prices daily -1
2026-09-19 16:15  sectors_prices daily -1
2026-09-21 04:54  sectors_prices daily -1
2026-09-21 11:56  sectors_prices daily -1
